2026-07-13 18:10:44.110168: I tensorflow/core/platform/cpu_feature_guard.cc:193] This TensorFlow binary is optimized with oneAPI Deep Neural Network Library (oneDNN) to use the following CPU instructions in performance-critical operations:  AVX2 FMA
To enable them in other operations, rebuild TensorFlow with the appropriate compiler flags.
2026-07-13 18:10:53.612562: E tensorflow/stream_executor/cuda/cuda_blas.cc:2981] Unable to register cuBLAS factory: Attempting to register factory for plugin cuBLAS when one has already been registered
2026-07-13 18:11:17.097888: W tensorflow/stream_executor/platform/default/dso_loader.cc:64] Could not load dynamic library 'libnvinfer.so.7'; dlerror: libnvinfer.so.7: cannot open shared object file: No such file or directory; LD_LIBRARY_PATH: /home/gabriel.silveira/.conda/envs/env_cuda/lib:
2026-07-13 18:11:17.099254: W tensorflow/stream_executor/platform/default/dso_loader.cc:64] Could not load dynamic library 'libnvinfer_plugin.so.7'; dlerror: libnvinfer_plugin.so.7: cannot open shared object file: No such file or directory; LD_LIBRARY_PATH: /home/gabriel.silveira/.conda/envs/env_cuda/lib:
2026-07-13 18:11:17.099270: W tensorflow/compiler/tf2tensorrt/utils/py_utils.cc:38] TF-TRT Warning: Cannot dlopen some TensorRT libraries. If you would like to use Nvidia GPU with TensorRT, please make sure the missing libraries mentioned above are installed properly.
/home/gabriel.silveira/dissertacao/CNN_SinglePhase/Utilities/dataset_reader.py:121: UserWarning: Number of samples not provided.The dataset will consider 60 samples from ../NN_Datasets_Grad/Test_Danny_SphPore_DAug_DNorm.h5.
  self._validate_file()
/home/gabriel.silveira/dissertacao/CNN_SinglePhase/Utilities/dataset_reader.py:121: UserWarning: Number of samples not provided.The dataset will consider 128 samples from ../NN_Datasets_Grad/Test_Silveira_SphPore_SAug_DNorm.h5.
  self._validate_file()
/home/gabriel.silveira/dissertacao/CNN_SinglePhase/Utilities/dataset_reader.py:121: UserWarning: Number of samples not provided.The dataset will consider 128 samples from ../NN_Datasets_Grad/Test_Silveira_SphGrain_SAug_DNorm.h5.
  self._validate_file()
/home/gabriel.silveira/dissertacao/CNN_SinglePhase/Utilities/dataset_reader.py:121: UserWarning: Number of samples not provided.The dataset will consider 120 samples from ../NN_Datasets_Grad/Test_Silveira_CylinPore_SAug_DNorm.h5.
  self._validate_file()
/home/gabriel.silveira/dissertacao/CNN_SinglePhase/Utilities/dataset_reader.py:121: UserWarning: Number of samples not provided.The dataset will consider 96 samples from ../NN_Datasets_Grad/Test_Silveira_CylinGrain_SAug_DNorm.h5.
  self._validate_file()
/home/gabriel.silveira/dissertacao/CNN_SinglePhase/Utilities/dataset_reader.py:121: UserWarning: Number of samples not provided.The dataset will consider 536 samples from ../NN_Datasets_Grad/Test_Oliveira_Bentheimer_SAug_DNorm.h5.
  self._validate_file()
/home/gabriel.silveira/dissertacao/CNN_SinglePhase/Utilities/dataset_reader.py:121: UserWarning: Number of samples not provided.The dataset will consider 264 samples from ../NN_Datasets_Grad/Test_Oliveira_BereaBuff_SAug_DNorm.h5.
  self._validate_file()
/home/gabriel.silveira/dissertacao/CNN_SinglePhase/Utilities/dataset_reader.py:121: UserWarning: Number of samples not provided.The dataset will consider 352 samples from ../NN_Datasets_Grad/Test_Oliveira_Leopard_SAug_DNorm.h5.
  self._validate_file()
/home/gabriel.silveira/dissertacao/CNN_SinglePhase/Utilities/dataset_reader.py:121: UserWarning: Number of samples not provided.The dataset will consider 356 samples from ../NN_Datasets_Grad/Test_Oliveira_CastleGate_SAug_DNorm.h5.
  self._validate_file()
/home/gabriel.silveira/dissertacao/CNN_SinglePhase/Utilities/dataset_reader.py:121: UserWarning: Number of samples not provided.The dataset will consider 284 samples from ../NN_Datasets_Grad/Test_Oliveira_BereaUpperGray_SAug_DNorm.h5.
  self._validate_file()
/home/gabriel.silveira/dissertacao/CNN_SinglePhase/Utilities/dataset_reader.py:121: UserWarning: Number of samples not provided.The dataset will consider 248 samples from ../NN_Datasets_Grad/Test_Oliveira_BereaSinterGray_SAug_DNorm.h5.
  self._validate_file()
/home/gabriel.silveira/dissertacao/CNN_SinglePhase/Utilities/dataset_reader.py:121: UserWarning: Number of samples not provided.The dataset will consider 284 samples from ../NN_Datasets_Grad/Test_Oliveira_Berea_SAug_DNorm.h5.
  self._validate_file()
